SEQUENCE_ID=max_annealing_temp
SEQUENCE_TEMPLATE=TAGCTGATGCTAGCTAGCGTGGGCATGCTAGCTAGCTGATGCAGCTAGCTGATCGTAGCTAGCTATCGATCGTAGCTGACTGATCGTAGCTAGCTGATCGATGCTAGCTAGCTAGCTGATCATCTACGTAGCTGACTATCGATGCTACTACTATCGATCGTAGCTAGCTGATCGTAGCTAGCTAGCTGATGCTAC
PRIMER_TM_FORMULA=1
PRIMER_SALT_CORRECTIONS=2
PRIMER_ANNEALING_TEMP=70.0
PRIMER_ERROR=Primer binding does not work with Owczarzy salt correction (PRIMER_SALT_CORRECTIONS=2)
=
