SEQUENCE_ID=max_min_bound_int
SEQUENCE_TEMPLATE=TAGCTGATGCTAGCTAGCGTGGGCATGCTAGCTAGCTGATGCAGCTAGCTGATCGTAGCTAGCTATCGATCGTAGCTGACTGATCGTAGCTAGCTGATCGATGCTAGCTAGCTAGCTGATCATCTACGTAGCTGACTATCGATGCTACTACTATCGATCGTAGCTAGCTGATCGTAGCTAGCTAGCTGATGCTAC
PRIMER_INTERNAL_MIN_BOUND=97.0
PRIMER_INTERNAL_OPT_BOUND=95.0
PRIMER_INTERNAL_MAX_BOUND=96.0
PRIMER_ERROR=Optimum internal oligo fraction binding lower than minimum or higher than maximum
=
