PRIMER_TASK=check_primers
SEQUENCE_TEMPLATE=TGCTTTCAATCATGTGGGTGATTTTATAGATTGTCATCACCATAGTAACTGTTTTAACTCACGTCCCCTGTGTGAGAACGCCATGGGCTGTCGGGCTTCGCCAACTTGCTCTCATTTCTA
SEQUENCE_PRIMER=TGCTTTCAATCATGTGGGTGA
SEQUENCE_OVERHANG_LEFT=TCACCCACATGATTGAAATTTCACCCACATGATTGAAATT
P3_COMMENT=the addition of overhangs violates primer size limits
PRIMER_ERROR=PRIMER_MAX_SIZE + SEQUENCE_OVERHANG_LEFT exceeds built-in maximum of 60
=
