SEQUENCE_ID=max_min_bound
SEQUENCE_TEMPLATE=TAGCTGATGCTAGCTAGCGTGGGCATGCTAGCTAGCTGATGCAGCTAGCTGATCGTAGCTAGCTATCGATCGTAGCTGACTGATCGTAGCTAGCTGATCGATGCTAGCTAGCTAGCTGATCATCTACGTAGCTGACTATCGATGCTACTACTATCGATCGTAGCTAGCTGATCGTAGCTAGCTAGCTGATGCTAC
PRIMER_MIN_BOUND=97.0
PRIMER_OPT_BOUND=95.0
PRIMER_MAX_BOUND=96.0
PRIMER_ERROR=Optimum primer fraction binding lower than minimum or higher than maximum
=
